16:44:24 **** Incremental Build of configuration Debug for project ecat ****
make pre-build main-build 
a9-linaro-pre-build-step
' '
make: Nothing to be done for 'main-build'.

16:44:24 Build Finished (took 215ms)

16:44:24 **** Clean-only build of configuration Release for project ecat ****
make clean 
rm -rf  ./src/helloworld.o ./src/platform.o  ./src/helloworld.d ./src/platform.d  ecat.elf.size  ecat.elf
' '
16:44:25 **** Incremental Build of configuration Release for project ecat ****
make pre-build main-build 
a9-linaro-pre-build-step
' '
'Building file: ../src/helloworld.c'
'Invoking: ARM v7 gcc compiler'
arm-none-eabi-gcc -Wall -O2 -c -fmessage-length=0 -MT"src/helloworld.o" -mcpu=cortex-a9 -mfpu=vfpv3 -mfloat-abi=hard -I../../ecat_bsp/ps7_cortexa9_0/include -MMD -MP -MF"src/helloworld.d" -MT"src/helloworld.o" -o "src/helloworld.o" "../src/helloworld.c"
../src/helloworld.c: In function 'eeprom_app':
../src/helloworld.c:167:24: warning: format '%x' expects argument of type 'unsigned int', but argument 2 has type 'uint32_t' {aka 'long unsigned int'} [-Wformat=]
  printf("eeprom_addr: %x eeprom_reg: %x\n",eeprom_addr,eeprom_reg);
                       ~^                   ~~~~~~~~~~~
                       %lx
../src/helloworld.c: In function 'eth_ini':
../src/helloworld.c:289:24: warning: format '%x' expects argument of type 'unsigned int', but argument 2 has type 'uint32_t' {aka 'volatile long unsigned int'} [-Wformat=]
  printf("error count: %x\n",(*p));
                       ~^    ~~~~
                       %lx
'Finished building: ../src/helloworld.c'
' '
'Building file: ../src/platform.c'
'Invoking: ARM v7 gcc compiler'
arm-none-eabi-gcc -Wall -O2 -c -fmessage-length=0 -MT"src/platform.o" -mcpu=cortex-a9 -mfpu=vfpv3 -mfloat-abi=hard -I../../ecat_bsp/ps7_cortexa9_0/include -MMD -MP -MF"src/platform.d" -MT"src/platform.o" -o "src/platform.o" "../src/platform.c"
'Finished building: ../src/platform.c'
' '
'Building target: ecat.elf'
'Invoking: ARM v7 gcc linker'
arm-none-eabi-gcc -mcpu=cortex-a9 -mfpu=vfpv3 -mfloat-abi=hard -Wl,-build-id=none -specs=Xilinx.spec -Wl,-T -Wl,../src/lscript.ld -L../../ecat_bsp/ps7_cortexa9_0/lib -o "ecat.elf"  ./src/helloworld.o ./src/platform.o   -Wl,--start-group,-lxil,-lgcc,-lc,--end-group
'Finished building target: ecat.elf'
' '
'Invoking: ARM v7 Print Size'
arm-none-eabi-size ecat.elf  |tee "ecat.elf.size"
   text	   data	    bss	    dec	    hex	filename
  61588	   5408	  23376	  90372	  16104	ecat.elf
'Finished building: ecat.elf.size'
' '
16:45:22 **** Incremental Build of configuration Release for project ecat ****
make pre-build main-build 
a9-linaro-pre-build-step
' '
make: Nothing to be done for 'main-build'.
16:49:21 **** Incremental Build of configuration Release for project ecat ****
make pre-build main-build 
a9-linaro-pre-build-step
' '
make: Nothing to be done for 'main-build'.
